// Jest Snapshot v1, https://goo.gl/fbAQLP

exports[`settingsItemRow renders correctly 1`] = `
<View
  collapsable={true}
  pointerEvents="box-none"
  style={
    Object {
      "flex": 1,
    }
  }
>
  <View
    accessible={true}
    focusable={false}
    hasTVPreferredFocus={false}
    isTVSelectable={true}
    style={
      Object {
        "opacity": 1,
      }
    }
  >
    <View
      style={
        Object {
          "flexDirection": "column",
        }
      }
    >
      <View
        style={
          Object {
            "borderBottomWidth": 1,
            "borderColor": "#FFFFFF",
            "opacity": 0.07,
            "width": "100%",
          }
        }
      />
      <View
        style={
          Object {
            "alignItems": "center",
            "flexDirection": "row",
            "paddingTop": 32,
          }
        }
      >
        <SvgMock />
        <Text
          style={
            Object {
              "color": "#FFFFFF",
              "fontFamily": "ProximaNova-Semibold",
              "fontSize": 20,
              "fontWeight": "600",
              "paddingLeft": 20,
            }
          }
        >
          User profiles
        </Text>
        <SvgMock
          style={
            Object {
              "height": 34,
              "marginStart": "auto",
              "width": 34,
            }
          }
        />
      </View>
      <Text
        style={
          Object {
            "color": "#FFFFFF",
            "fontFamily": "ProximaNova-Semibold",
            "fontSize": 18,
            "fontWeight": "600",
            "opacity": 0.3,
            "paddingBottom": 26,
            "paddingTop": 9,
          }
        }
      >
        Manage your profiles
      </Text>
    </View>
  </View>
</View>
`;
