// Jest Snapshot v1, https://goo.gl/fbAQLP

exports[`detailsThumbnail renders correctly 1`] = `
<View
  collapsable={true}
  pointerEvents="box-none"
  style={
    Object {
      "flex": 1,
    }
  }
>
  <View
    style={
      Object {
        "height": 104.91428571428571,
        "width": 90.34285714285714,
      }
    }
  >
    <View
      style={
        Array [
          Object {
            "overflow": "hidden",
          },
          Array [
            Object {
              "aspectRatio": 0.6666666666666666,
              "borderRadius": 11.657142857142857,
              "flex": 1,
              "width": "100%",
            },
          ],
        ]
      }
    >
      <FastImageView
        resizeMode="contain"
        source={
          Object {
            "cache": "web",
            "uri": "assets/images/got.png",
          }
        }
        style={
          Object {
            "bottom": 0,
            "left": 0,
            "position": "absolute",
            "right": 0,
            "top": 0,
          }
        }
      />
    </View>
  </View>
</View>
`;
